[
    {
        "Login": "5c9078461b780c2c5d7bac4c",
        "Name": "johndoe",
        "Avatar": "https://bitbucket.org/account/5c9078461b780c2c5d7bac4c/avatar/32/",
        "IsAdmin": false
    }
]